=== Cloud sync 日志 ===
创建于: 2025-07-26T02:15:52.141Z

[2025-07-26T02:15:52.134Z] [错误] [WebDAVSettings] 测试WebDAV连接失败:
  数据: {}
[2025-07-26T02:18:32.096Z] [错误] [WebDAVSettings] 测试WebDAV连接失败:
  数据: {}
[2025-07-26T02:19:56.500Z] [错误] [SyncManager] 同步失败:
  数据: {
  "code": "FORBIDDEN",
  "originalError": {
    "status": 403,
    "headers": {
      "connection": "Keep-Alive",
      "content-encoding": "gzip",
      "content-length": "193",
      "content-type": "text/html; charset=ISO-8859-1",
      "date": "Sat, 26 Jul 2025 02:19:58 GMT",
      "keep-alive": "timeout=3, max=50",
      "ms-author-via": "DAV",
      "server": "Apache",
      "vary": "Accept-Encoding"
    }
  },
  "name": "StorageProviderError"
}
[2025-07-26T02:31:24.980Z] [信息] [AdvancedSettings] 已启用控制台拦截（调试模式）
[2025-07-26T02:31:43.232Z] [信息] [SettingsManager] 设置同步间隔为0，自动关闭同步功能
[2025-07-26T02:31:43.239Z] [信息] [SyncManager] 已保存修复后的设置
[2025-07-26T02:31:43.391Z] [信息] [SettingsManager] 设置同步间隔为0，自动关闭同步功能
[2025-07-26T02:31:43.392Z] [信息] [SyncManager] 已保存临时更新的WebDAV设置
[2025-07-26T02:31:43.543Z] [信息] [ProviderManager] 强制初始化标志设置为 true，临时启用同步
[2025-07-26T02:31:43.546Z] [信息] [ProviderManager] 当前WebDAV配置状态:
  数据: "未配置"
[2025-07-26T02:31:43.648Z] [信息] [ProviderManager] 恢复原始同步状态: false
[2025-07-26T02:31:43.652Z] [信息] [SyncManager] 准备开始同步，检测到 1 个提供商
[2025-07-26T02:31:43.657Z] [信息] [SyncManager] 忽略文件夹: .obsidian
[2025-07-26T02:31:43.691Z] [信息] [SyncManager] 本地文件夹列表创建完成: 21 个文件夹
[2025-07-26T02:31:43.698Z] [信息] [SyncManager] 忽略文件夹: .obsidian
[2025-07-26T02:31:43.705Z] [信息] [SyncManager] 获取远程文件列表，路径: 根目录...
[2025-07-26T02:34:03.053Z] [信息] 手动同步完成
[2025-07-26T02:35:55.044Z] [信息] [AdvancedSettings] 用户导出了信息级别的日志文件
[2025-07-26T02:37:24.308Z] [信息] [WebDAVSettings] 尝试连接到WebDAV服务器...
[2025-07-26T02:38:43.928Z] [信息] Global Proxy: styles.css not found
[2025-07-26T02:39:29.497Z] [错误] [WebDAVSettings] 测试WebDAV连接失败:
  数据: {}
[2025-07-26T02:41:14.190Z] [信息] [WebDAVSettings] 尝试连接到WebDAV服务器...
[2025-07-26T02:43:14.445Z] [信息] Cloud sync 插件初始化完成
[2025-07-26T02:43:14.503Z] [信息] [FileEventHandler] 文件创建: content/posts/reading/读《人人都是产品经理》.md
[2025-07-26T02:43:27.906Z] [信息] [WebDAVSettings] 尝试连接到WebDAV服务器...
[2025-07-26T02:44:49.612Z] [信息] [AdvancedSettings] 用户导出了信息级别的日志文件
[2025-07-26T02:45:42.653Z] [错误] [WebDAVSettings] 测试WebDAV连接失败:
  数据: {}
[2025-07-26T02:46:15.141Z] [信息] [AdvancedSettings] 用户导出了信息级别的日志文件
[2025-07-26T02:47:45.242Z] [信息] [WebDAVSettings] 尝试连接到WebDAV服务器...
[2025-07-26T02:50:02.219Z] [错误] [WebDAVSettings] 测试WebDAV连接失败:
  数据: {}
[2025-07-26T02:51:24.711Z] [信息] [ProviderManager] 同步功能未启用，跳过初始化存储提供商
[2025-07-26T02:51:25.713Z] [信息] [WebDAVSettings] WebDAV配置尚未完成，还需填写: 密码
[2025-07-26T02:51:25.951Z] [信息] [ProviderManager] 同步功能未启用，跳过初始化存储提供商
[2025-07-26T02:51:26.952Z] [信息] [SettingsManager] 设置同步间隔为0，自动关闭同步功能
[2025-07-26T02:51:26.956Z] [信息] [ProviderManager] 强制初始化标志设置为 true，临时启用同步
[2025-07-26T02:51:26.960Z] [信息] [ProviderManager] - webdav: WebDAV
[2025-07-26T02:51:27.062Z] [信息] [ProviderManager] 恢复原始同步状态: false
[2025-07-26T02:51:27.066Z] [信息] [WebDAVSettings] WebDAV提供商初始化成功，无需重启
[2025-07-26T02:51:55.721Z] [信息] [WebDAVSettings] 尝试连接到WebDAV服务器...
[2025-07-26T02:53:58.828Z] [错误] [WebDAVSettings] 测试WebDAV连接失败:
  数据: {}
[2025-07-26T02:54:12.539Z] [信息] 缓存清除完成
[2025-07-26T02:54:18.591Z] [信息] [ProviderManager] 同步功能未启用，跳过初始化存储提供商
[2025-07-26T02:54:21.402Z] [信息] [WebDAVSettings] 尝试连接到WebDAV服务器...
[2025-07-26T02:56:23.313Z] [错误] [WebDAVSettings] 测试WebDAV连接失败:
  数据: {}
[2025-07-26T03:05:09.252Z] [信息] [WebDAVSettings] 尝试连接到WebDAV服务器...
[2025-07-26T03:07:22.615Z] [错误] [WebDAVSettings] 测试WebDAV连接失败:
  数据: {}
[2025-07-26T03:20:33.393Z] [信息] [ProviderManager] 同步功能未启用，跳过初始化存储提供商
[2025-07-26T03:20:33.897Z] [信息] [ProviderManager] 同步功能未启用，跳过初始化存储提供商
[2025-07-26T03:20:33.971Z] [信息] [ProviderManager] 同步功能未启用，跳过初始化存储提供商
[2025-07-26T03:20:34.060Z] [信息] [ProviderManager] 同步功能未启用，跳过初始化存储提供商
[2025-07-26T03:20:34.140Z] [信息] [ProviderManager] 同步功能未启用，跳过初始化存储提供商
[2025-07-26T03:20:34.226Z] [信息] [ProviderManager] 同步功能未启用，跳过初始化存储提供商
[2025-07-26T03:20:34.309Z] [信息] [ProviderManager] 同步功能未启用，跳过初始化存储提供商
[2025-07-26T03:20:34.390Z] [信息] [ProviderManager] 同步功能未启用，跳过初始化存储提供商
[2025-07-26T03:20:34.476Z] [信息] [ProviderManager] 同步功能未启用，跳过初始化存储提供商
[2025-07-26T03:20:34.567Z] [信息] [ProviderManager] 同步功能未启用，跳过初始化存储提供商
[2025-07-26T03:20:34.647Z] [信息] [ProviderManager] 同步功能未启用，跳过初始化存储提供商
[2025-07-26T03:20:34.730Z] [信息] [ProviderManager] 同步功能未启用，跳过初始化存储提供商
[2025-07-26T03:20:34.812Z] [信息] [ProviderManager] 同步功能未启用，跳过初始化存储提供商
[2025-07-26T03:20:34.897Z] [信息] [ProviderManager] 同步功能未启用，跳过初始化存储提供商
[2025-07-26T03:20:34.982Z] [信息] [ProviderManager] 同步功能未启用，跳过初始化存储提供商
[2025-07-26T03:20:35.067Z] [信息] [ProviderManager] 同步功能未启用，跳过初始化存储提供商
[2025-07-26T03:20:35.452Z] [信息] [ProviderManager] 同步功能未启用，跳过初始化存储提供商
[2025-07-26T03:20:35.591Z] [信息] [ProviderManager] 同步功能未启用，跳过初始化存储提供商
[2025-07-26T03:20:35.730Z] [信息] [ProviderManager] 同步功能未启用，跳过初始化存储提供商
[2025-07-26T03:20:35.855Z] [信息] [ProviderManager] 同步功能未启用，跳过初始化存储提供商
[2025-07-26T03:20:36.856Z] [信息] [WebDAVSettings] WebDAV配置尚未完成，还需填写: 密码
[2025-07-26T03:20:37.026Z] [信息] [ProviderManager] 同步功能未启用，跳过初始化存储提供商
[2025-07-26T03:20:38.028Z] [信息] [SettingsManager] 设置同步间隔为0，自动关闭同步功能
[2025-07-26T03:20:38.031Z] [信息] [ProviderManager] 强制初始化标志设置为 true，临时启用同步
[2025-07-26T03:20:38.034Z] [信息] [ProviderManager] - webdav: WebDAV
[2025-07-26T03:20:38.137Z] [信息] [ProviderManager] 恢复原始同步状态: false
[2025-07-26T03:20:38.140Z] [信息] [WebDAVSettings] WebDAV提供商初始化成功，无需重启
[2025-07-26T03:20:41.230Z] [信息] [ProviderManager] 同步功能未启用，跳过初始化存储提供商
[2025-07-26T03:20:41.391Z] [信息] [ProviderManager] 同步功能未启用，跳过初始化存储提供商
[2025-07-26T03:20:42.392Z] [信息] [SettingsManager] 设置同步间隔为0，自动关闭同步功能
[2025-07-26T03:20:42.394Z] [信息] [ProviderManager] 强制初始化标志设置为 true，临时启用同步
[2025-07-26T03:20:42.397Z] [信息] [ProviderManager] - webdav: WebDAV
[2025-07-26T03:20:42.499Z] [信息] [ProviderManager] 恢复原始同步状态: false
[2025-07-26T03:20:42.502Z] [信息] [WebDAVSettings] WebDAV提供商初始化成功，无需重启
[2025-07-26T03:20:42.764Z] [信息] [ProviderManager] 同步功能未启用，跳过初始化存储提供商
[2025-07-26T03:20:42.985Z] [信息] [ProviderManager] 同步功能未启用，跳过初始化存储提供商
[2025-07-26T03:20:43.987Z] [信息] [SettingsManager] 设置同步间隔为0，自动关闭同步功能
[2025-07-26T03:20:43.988Z] [信息] [ProviderManager] 强制初始化标志设置为 true，临时启用同步
[2025-07-26T03:20:43.990Z] [信息] [ProviderManager] - webdav: WebDAV
[2025-07-26T03:20:44.092Z] [信息] [ProviderManager] 恢复原始同步状态: false
[2025-07-26T03:20:44.094Z] [信息] [WebDAVSettings] WebDAV提供商初始化成功，无需重启
[2025-07-26T03:20:44.436Z] [信息] [ProviderManager] 同步功能未启用，跳过初始化存储提供商
[2025-07-26T03:20:44.862Z] [信息] [ProviderManager] 同步功能未启用，跳过初始化存储提供商
[2025-07-26T03:20:45.863Z] [信息] [SettingsManager] 设置同步间隔为0，自动关闭同步功能
[2025-07-26T03:20:45.866Z] [信息] [ProviderManager] 强制初始化标志设置为 true，临时启用同步
[2025-07-26T03:20:45.869Z] [信息] [ProviderManager] - webdav: WebDAV
[2025-07-26T03:20:45.971Z] [信息] [ProviderManager] 恢复原始同步状态: false
[2025-07-26T03:20:45.975Z] [信息] [WebDAVSettings] WebDAV提供商初始化成功，无需重启
[2025-07-26T03:20:47.741Z] [信息] [ProviderManager] 同步功能未启用，跳过初始化存储提供商
[2025-07-26T03:20:48.742Z] [信息] [SettingsManager] 设置同步间隔为0，自动关闭同步功能
[2025-07-26T03:20:48.749Z] [信息] [ProviderManager] 强制初始化标志设置为 true，临时启用同步
[2025-07-26T03:20:48.760Z] [信息] [ProviderManager] - webdav: WebDAV
[2025-07-26T03:20:48.862Z] [信息] [ProviderManager] 恢复原始同步状态: false
[2025-07-26T03:20:48.864Z] [信息] [WebDAVSettings] WebDAV提供商初始化成功，无需重启
[2025-07-26T03:20:48.949Z] [信息] [ProviderManager] 同步功能未启用，跳过初始化存储提供商
[2025-07-26T03:20:49.950Z] [信息] [SettingsManager] 设置同步间隔为0，自动关闭同步功能
[2025-07-26T03:20:49.953Z] [信息] [ProviderManager] 强制初始化标志设置为 true，临时启用同步
[2025-07-26T03:20:49.955Z] [信息] [ProviderManager] - webdav: WebDAV
[2025-07-26T03:20:50.058Z] [信息] [ProviderManager] 恢复原始同步状态: false
[2025-07-26T03:20:50.061Z] [信息] [WebDAVSettings] WebDAV提供商初始化成功，无需重启
[2025-07-26T03:20:50.572Z] [信息] [ProviderManager] 同步功能未启用，跳过初始化存储提供商
[2025-07-26T03:20:51.573Z] [信息] [SettingsManager] 设置同步间隔为0，自动关闭同步功能
[2025-07-26T03:20:51.576Z] [信息] [ProviderManager] 强制初始化标志设置为 true，临时启用同步
[2025-07-26T03:20:51.578Z] [信息] [ProviderManager] - webdav: WebDAV
[2025-07-26T03:20:51.680Z] [信息] [ProviderManager] 恢复原始同步状态: false
[2025-07-26T03:20:51.682Z] [信息] [WebDAVSettings] WebDAV提供商初始化成功，无需重启
[2025-07-26T03:20:52.278Z] [信息] [ProviderManager] 同步功能未启用，跳过初始化存储提供商
[2025-07-26T03:20:53.278Z] [信息] [SettingsManager] 设置同步间隔为0，自动关闭同步功能
[2025-07-26T03:20:53.280Z] [信息] [ProviderManager] 强制初始化标志设置为 true，临时启用同步
[2025-07-26T03:20:53.283Z] [信息] [ProviderManager] - webdav: WebDAV
[2025-07-26T03:20:53.386Z] [信息] [ProviderManager] 恢复原始同步状态: false
[2025-07-26T03:20:53.389Z] [信息] [WebDAVSettings] WebDAV提供商初始化成功，无需重启
[2025-07-26T03:20:53.772Z] [信息] [ProviderManager] 同步功能未启用，跳过初始化存储提供商
[2025-07-26T03:20:54.088Z] [信息] [ProviderManager] 同步功能未启用，跳过初始化存储提供商
[2025-07-26T03:20:54.454Z] [信息] [ProviderManager] 同步功能未启用，跳过初始化存储提供商
[2025-07-26T03:20:54.715Z] [信息] [ProviderManager] 同步功能未启用，跳过初始化存储提供商
[2025-07-26T03:20:55.318Z] [信息] [ProviderManager] 同步功能未启用，跳过初始化存储提供商
[2025-07-26T03:20:56.319Z] [信息] [SettingsManager] 设置同步间隔为0，自动关闭同步功能
[2025-07-26T03:20:56.322Z] [信息] [ProviderManager] 强制初始化标志设置为 true，临时启用同步
[2025-07-26T03:20:56.327Z] [信息] [ProviderManager] - webdav: WebDAV
[2025-07-26T03:20:56.428Z] [信息] [ProviderManager] 恢复原始同步状态: false
[2025-07-26T03:20:56.430Z] [信息] [WebDAVSettings] WebDAV提供商初始化成功，无需重启
[2025-07-26T03:20:57.414Z] [信息] [ProviderManager] 同步功能未启用，跳过初始化存储提供商
[2025-07-26T03:20:57.595Z] [信息] [ProviderManager] 同步功能未启用，跳过初始化存储提供商
[2025-07-26T03:20:57.737Z] [信息] [ProviderManager] 同步功能未启用，跳过初始化存储提供商
[2025-07-26T03:20:57.869Z] [信息] [ProviderManager] 同步功能未启用，跳过初始化存储提供商
[2025-07-26T03:20:57.996Z] [信息] [ProviderManager] 同步功能未启用，跳过初始化存储提供商
[2025-07-26T03:20:58.117Z] [信息] [ProviderManager] 同步功能未启用，跳过初始化存储提供商
[2025-07-26T03:20:58.630Z] [信息] [ProviderManager] 同步功能未启用，跳过初始化存储提供商
[2025-07-26T03:20:58.783Z] [信息] [ProviderManager] 同步功能未启用，跳过初始化存储提供商
[2025-07-26T03:20:59.046Z] [信息] [ProviderManager] 同步功能未启用，跳过初始化存储提供商
[2025-07-26T03:20:59.476Z] [信息] [ProviderManager] 同步功能未启用，跳过初始化存储提供商
[2025-07-26T03:20:59.625Z] [信息] [ProviderManager] 同步功能未启用，跳过初始化存储提供商
[2025-07-26T03:20:59.851Z] [信息] [ProviderManager] 同步功能未启用，跳过初始化存储提供商
[2025-07-26T03:21:00.852Z] [信息] [SettingsManager] 设置同步间隔为0，自动关闭同步功能
[2025-07-26T03:21:00.855Z] [信息] [ProviderManager] 强制初始化标志设置为 true，临时启用同步
[2025-07-26T03:21:00.860Z] [信息] [ProviderManager] - webdav: WebDAV
[2025-07-26T03:21:00.963Z] [信息] [ProviderManager] 恢复原始同步状态: false
[2025-07-26T03:21:00.965Z] [信息] [WebDAVSettings] WebDAV提供商初始化成功，无需重启
[2025-07-26T03:21:20.775Z] [信息] [WebDAVSettings] 尝试连接到WebDAV服务器...
[2025-07-26T03:23:27.805Z] [错误] [WebDAVSettings] 测试WebDAV连接失败:
  数据: {}
[2025-07-26T03:23:57.453Z] [信息] [FileEventHandler] 文件修改: content/posts/life/昆明囧记.md
[2025-07-26T03:24:06.668Z] [信息] [FileEventHandler] 文件修改: content/posts/life/昆明囧记.md
[2025-07-26T03:24:08.691Z] [信息] [FileEventHandler] 文件修改: content/posts/life/昆明囧记.md
[2025-07-26T03:24:10.770Z] [信息] [FileEventHandler] 文件修改: content/posts/life/昆明囧记.md
[2025-07-26T03:24:12.854Z] [信息] [FileEventHandler] 文件修改: content/posts/life/昆明囧记.md
[2025-07-26T03:24:15.290Z] [信息] [FileEventHandler] 文件修改: content/posts/life/昆明囧记.md
[2025-07-26T03:24:17.830Z] [信息] [FileEventHandler] 文件修改: content/posts/life/昆明囧记.md
[2025-07-26T03:24:38.791Z] [信息] [FileEventHandler] 文件修改: content/posts/life/昆明囧记.md
[2025-07-26T03:24:44.716Z] [信息] [FileEventHandler] 文件修改: content/posts/life/昆明囧记.md
[2025-07-26T03:24:47.055Z] [信息] [FileEventHandler] 文件修改: content/posts/life/昆明囧记.md
[2025-07-26T03:24:49.194Z] [信息] [FileEventHandler] 文件修改: content/posts/life/昆明囧记.md
[2025-07-26T03:24:51.636Z] [信息] [FileEventHandler] 文件修改: content/posts/life/昆明囧记.md
[2025-07-26T03:24:56.492Z] [信息] [FileEventHandler] 文件修改: content/posts/life/昆明囧记.md
[2025-07-26T03:24:58.655Z] [信息] [FileEventHandler] 文件修改: content/posts/life/昆明囧记.md
[2025-07-26T03:25:03.798Z] [信息] [FileEventHandler] 文件修改: content/posts/life/昆明囧记.md
[2025-07-26T03:25:05.912Z] [信息] [FileEventHandler] 文件修改: content/posts/life/昆明囧记.md
[2025-07-26T03:25:09.442Z] [信息] [FileEventHandler] 文件修改: content/posts/life/昆明囧记.md
[2025-07-26T03:25:13.991Z] [信息] [FileEventHandler] 文件修改: content/posts/life/昆明囧记.md
[2025-07-26T03:25:16.100Z] [信息] [FileEventHandler] 文件修改: content/posts/life/昆明囧记.md
[2025-07-26T03:25:18.124Z] [信息] [FileEventHandler] 文件修改: content/posts/life/昆明囧记.md
[2025-07-26T03:25:20.300Z] [信息] [FileEventHandler] 文件修改: content/posts/life/昆明囧记.md
[2025-07-26T03:25:22.322Z] [信息] [FileEventHandler] 文件修改: content/posts/life/昆明囧记.md
[2025-07-26T03:25:24.355Z] [信息] [FileEventHandler] 文件修改: content/posts/life/昆明囧记.md
[2025-07-26T03:25:30.697Z] [信息] [FileEventHandler] 文件修改: content/posts/life/昆明囧记.md
[2025-07-26T03:26:02.726Z] [信息] [FileEventHandler] 文件修改: content/posts/life/昆明囧记.md
[2025-07-26T03:26:05.208Z] [信息] [FileEventHandler] 文件修改: content/posts/life/昆明囧记.md
[2025-07-26T03:26:08.723Z] [信息] [FileEventHandler] 文件修改: content/posts/life/昆明囧记.md
[2025-07-26T03:26:10.773Z] [信息] [FileEventHandler] 文件修改: content/posts/life/昆明囧记.md
[2025-07-26T03:26:12.845Z] [信息] [FileEventHandler] 文件修改: content/posts/life/昆明囧记.md
[2025-07-26T03:26:15.669Z] [信息] [FileEventHandler] 文件修改: content/posts/life/昆明囧记.md
[2025-07-26T03:26:18.242Z] [信息] [FileEventHandler] 文件修改: content/posts/life/昆明囧记.md
[2025-07-26T03:26:21.343Z] [信息] [FileEventHandler] 文件修改: content/posts/life/昆明囧记.md
[2025-07-26T03:26:24.734Z] [信息] [FileEventHandler] 文件修改: content/posts/life/昆明囧记.md
[2025-07-26T03:26:26.834Z] [信息] [FileEventHandler] 文件修改: content/posts/life/昆明囧记.md
[2025-07-26T03:26:28.887Z] [信息] [FileEventHandler] 文件修改: content/posts/life/昆明囧记.md
[2025-07-26T03:26:31.034Z] [信息] [FileEventHandler] 文件修改: content/posts/life/昆明囧记.md
[2025-07-26T03:26:33.138Z] [信息] [FileEventHandler] 文件修改: content/posts/life/昆明囧记.md
[2025-07-26T03:26:35.231Z] [信息] [FileEventHandler] 文件修改: content/posts/life/昆明囧记.md
[2025-07-26T03:26:37.308Z] [信息] [FileEventHandler] 文件修改: content/posts/life/昆明囧记.md
[2025-07-26T03:26:41.254Z] [信息] [FileEventHandler] 文件修改: content/posts/life/昆明囧记.md
[2025-07-26T03:26:46.048Z] [信息] [FileEventHandler] 文件修改: content/posts/life/昆明囧记.md
[2025-07-26T03:26:48.111Z] [信息] [FileEventHandler] 文件修改: content/posts/life/昆明囧记.md
[2025-07-26T03:26:50.591Z] [信息] [FileEventHandler] 文件修改: content/posts/life/昆明囧记.md
[2025-07-26T03:26:52.667Z] [信息] [FileEventHandler] 文件修改: content/posts/life/昆明囧记.md
[2025-07-26T03:27:07.780Z] [信息] [FileEventHandler] 文件修改: content/posts/life/昆明囧记.md
[2025-07-26T03:27:12.058Z] [信息] [FileEventHandler] 文件修改: content/posts/life/昆明囧记.md
[2025-07-26T03:27:14.533Z] [信息] [FileEventHandler] 文件修改: content/posts/life/昆明囧记.md
[2025-07-26T03:27:17.135Z] [信息] [FileEventHandler] 文件修改: content/posts/life/昆明囧记.md
[2025-07-26T03:27:19.169Z] [信息] [FileEventHandler] 文件修改: content/posts/life/昆明囧记.md
[2025-07-26T03:27:21.495Z] [信息] [FileEventHandler] 文件修改: content/posts/life/昆明囧记.md
[2025-07-26T03:27:23.524Z] [信息] [FileEventHandler] 文件修改: content/posts/life/昆明囧记.md
[2025-07-26T03:27:25.783Z] [信息] [FileEventHandler] 文件修改: content/posts/life/昆明囧记.md
[2025-07-26T03:27:27.900Z] [信息] [FileEventHandler] 文件修改: content/posts/life/昆明囧记.md
[2025-07-26T03:27:31.531Z] [信息] [FileEventHandler] 文件修改: content/posts/life/昆明囧记.md
[2025-07-26T03:27:34.601Z] [信息] [FileEventHandler] 文件修改: content/posts/life/昆明囧记.md
[2025-07-26T03:27:36.919Z] [信息] [FileEventHandler] 文件修改: content/posts/life/昆明囧记.md
[2025-07-26T03:27:42.052Z] [信息] [FileEventHandler] 文件修改: content/posts/life/昆明囧记.md
[2025-07-26T03:27:44.073Z] [信息] [FileEventHandler] 文件修改: content/posts/life/昆明囧记.md
[2025-07-26T03:27:46.735Z] [信息] [FileEventHandler] 文件修改: content/posts/life/昆明囧记.md
[2025-07-26T03:27:48.890Z] [信息] [FileEventHandler] 文件修改: content/posts/life/昆明囧记.md
[2025-07-26T03:27:51.000Z] [信息] [FileEventHandler] 文件修改: content/posts/life/昆明囧记.md
[2025-07-26T03:27:53.069Z] [信息] [FileEventHandler] 文件修改: content/posts/life/昆明囧记.md
[2025-07-26T03:28:01.479Z] [信息] [FileEventHandler] 文件修改: content/posts/life/昆明囧记.md
[2025-07-26T03:28:06.347Z] [信息] [FileEventHandler] 文件修改: content/posts/life/昆明囧记.md
[2025-07-26T03:28:08.360Z] [信息] [FileEventHandler] 文件修改: content/posts/life/昆明囧记.md
[2025-07-26T03:28:11.915Z] [信息] [FileEventHandler] 文件修改: content/posts/life/昆明囧记.md
[2025-07-26T03:28:15.426Z] [信息] [FileEventHandler] 文件修改: content/posts/life/昆明囧记.md
[2025-07-26T03:28:20.603Z] [信息] [FileEventHandler] 文件修改: content/posts/life/昆明囧记.md
[2025-07-26T03:28:24.318Z] [信息] [FileEventHandler] 文件修改: content/posts/life/昆明囧记.md
[2025-07-26T03:28:28.889Z] [信息] [FileEventHandler] 文件修改: content/posts/life/昆明囧记.md
[2025-07-26T03:28:34.128Z] [信息] [FileEventHandler] 文件修改: content/posts/life/昆明囧记.md
[2025-07-26T03:28:36.138Z] [信息] [FileEventHandler] 文件修改: content/posts/life/昆明囧记.md
[2025-07-26T03:28:38.539Z] [信息] [FileEventHandler] 文件修改: content/posts/life/昆明囧记.md
[2025-07-26T03:28:40.561Z] [信息] [FileEventHandler] 文件修改: content/posts/life/昆明囧记.md
[2025-07-26T03:28:44.590Z] [信息] [FileEventHandler] 文件修改: content/posts/life/昆明囧记.md
[2025-07-26T03:28:48.384Z] [信息] [FileEventHandler] 文件修改: content/posts/life/昆明囧记.md
[2025-07-26T03:28:51.357Z] [信息] [FileEventHandler] 文件修改: content/posts/life/昆明囧记.md
[2025-07-26T03:28:55.530Z] [信息] [FileEventHandler] 文件修改: content/posts/life/昆明囧记.md
[2025-07-26T03:29:00.182Z] [信息] [FileEventHandler] 文件修改: content/posts/life/昆明囧记.md
[2025-07-26T03:29:02.757Z] [信息] [FileEventHandler] 文件修改: content/posts/life/昆明囧记.md
[2025-07-26T03:29:19.062Z] [信息] [FileEventHandler] 文件修改: content/posts/life/昆明囧记.md
[2025-07-26T03:29:22.068Z] [信息] [FileEventHandler] 文件修改: content/posts/life/昆明囧记.md
[2025-07-26T03:29:28.577Z] [信息] [FileEventHandler] 文件修改: content/posts/life/昆明囧记.md
[2025-07-26T03:29:30.715Z] [信息] [FileEventHandler] 文件修改: content/posts/life/昆明囧记.md
[2025-07-26T03:29:33.059Z] [信息] [FileEventHandler] 文件修改: content/posts/life/昆明囧记.md
[2025-07-26T03:29:37.016Z] [信息] [FileEventHandler] 文件修改: content/posts/life/昆明囧记.md
[2025-07-26T03:29:39.163Z] [信息] [FileEventHandler] 文件修改: content/posts/life/昆明囧记.md
[2025-07-26T03:29:41.215Z] [信息] [FileEventHandler] 文件修改: content/posts/life/昆明囧记.md
[2025-07-26T03:29:43.250Z] [信息] [FileEventHandler] 文件修改: content/posts/life/昆明囧记.md
[2025-07-26T03:29:46.943Z] [信息] [FileEventHandler] 文件修改: content/posts/life/昆明囧记.md
[2025-07-26T03:29:55.285Z] [信息] [FileEventHandler] 文件修改: content/posts/life/昆明囧记.md
[2025-07-26T03:29:57.489Z] [信息] [FileEventHandler] 文件修改: content/posts/life/昆明囧记.md
[2025-07-26T03:29:59.826Z] [信息] [FileEventHandler] 文件修改: content/posts/life/昆明囧记.md
[2025-07-26T03:30:16.087Z] [信息] [FileEventHandler] 文件修改: content/posts/life/昆明囧记.md
[2025-07-26T03:30:34.727Z] [信息] [FileEventHandler] 文件修改: content/posts/life/昆明囧记.md
[2025-07-26T03:30:37.676Z] [信息] [FileEventHandler] 文件修改: content/posts/life/昆明囧记.md
[2025-07-26T03:30:51.567Z] [信息] [FileEventHandler] 文件修改: content/posts/life/昆明囧记.md
[2025-07-26T03:30:54.047Z] [信息] [FileEventHandler] 文件修改: content/posts/life/昆明囧记.md
[2025-07-26T03:30:56.115Z] [信息] [FileEventHandler] 文件修改: content/posts/life/昆明囧记.md
[2025-07-26T03:31:01.338Z] [信息] [FileEventHandler] 文件修改: content/posts/life/昆明囧记.md
[2025-07-26T03:31:06.561Z] [信息] [FileEventHandler] 文件修改: content/posts/life/昆明囧记.md
[2025-07-26T03:31:09.087Z] [信息] [FileEventHandler] 文件修改: content/posts/life/昆明囧记.md
[2025-07-26T03:31:11.479Z] [信息] [FileEventHandler] 文件修改: content/posts/life/昆明囧记.md
[2025-07-26T03:31:13.604Z] [信息] [FileEventHandler] 文件修改: content/posts/life/昆明囧记.md
[2025-07-26T03:31:15.982Z] [信息] [FileEventHandler] 文件修改: content/posts/life/昆明囧记.md
[2025-07-26T03:31:22.090Z] [信息] [FileEventHandler] 文件修改: content/posts/life/昆明囧记.md
[2025-07-26T03:32:19.344Z] [信息] [FileEventHandler] 文件修改: content/posts/life/昆明囧记.md
[2025-07-26T03:32:21.749Z] [信息] [FileEventHandler] 文件修改: content/posts/life/昆明囧记.md
[2025-07-26T03:32:23.808Z] [信息] [FileEventHandler] 文件修改: content/posts/life/昆明囧记.md
[2025-07-26T03:32:25.829Z] [信息] [FileEventHandler] 文件修改: content/posts/life/昆明囧记.md
[2025-07-26T03:32:27.944Z] [信息] [FileEventHandler] 文件修改: content/posts/life/昆明囧记.md
[2025-07-26T03:32:30.126Z] [信息] [FileEventHandler] 文件修改: content/posts/life/昆明囧记.md
[2025-07-26T03:32:33.431Z] [信息] [FileEventHandler] 文件修改: content/posts/life/昆明囧记.md
[2025-07-26T03:32:35.568Z] [信息] [FileEventHandler] 文件修改: content/posts/life/昆明囧记.md
[2025-07-26T03:32:37.636Z] [信息] [FileEventHandler] 文件修改: content/posts/life/昆明囧记.md
[2025-07-26T03:32:39.854Z] [信息] [FileEventHandler] 文件修改: content/posts/life/昆明囧记.md
[2025-07-26T03:32:42.967Z] [信息] [FileEventHandler] 文件修改: content/posts/life/昆明囧记.md
[2025-07-26T03:32:45.410Z] [信息] [FileEventHandler] 文件修改: content/posts/life/昆明囧记.md
[2025-07-26T03:32:48.060Z] [信息] [FileEventHandler] 文件修改: content/posts/life/昆明囧记.md
[2025-07-26T03:32:52.856Z] [信息] [FileEventHandler] 文件修改: content/posts/life/昆明囧记.md
[2025-07-26T03:32:59.949Z] [信息] [FileEventHandler] 文件修改: content/posts/life/昆明囧记.md
[2025-07-26T03:33:03.245Z] [信息] [FileEventHandler] 文件修改: content/posts/life/昆明囧记.md
[2025-07-26T03:33:05.525Z] [信息] [FileEventHandler] 文件修改: content/posts/life/昆明囧记.md
[2025-07-26T03:33:07.832Z] [信息] [FileEventHandler] 文件修改: content/posts/life/昆明囧记.md
[2025-07-26T03:33:12.575Z] [信息] [FileEventHandler] 文件修改: content/posts/life/昆明囧记.md
[2025-07-26T03:33:14.853Z] [信息] [FileEventHandler] 文件修改: content/posts/life/昆明囧记.md
[2025-07-26T03:33:30.865Z] [信息] [FileEventHandler] 文件修改: content/posts/life/昆明囧记.md
[2025-07-26T03:33:34.027Z] [信息] [FileEventHandler] 文件修改: content/posts/life/昆明囧记.md
[2025-07-26T03:33:47.990Z] [信息] [FileEventHandler] 文件修改: content/posts/life/昆明囧记.md
[2025-07-26T03:33:50.673Z] [信息] [FileEventHandler] 文件修改: content/posts/life/昆明囧记.md
[2025-07-26T03:33:53.285Z] [信息] [FileEventHandler] 文件修改: content/posts/life/昆明囧记.md
[2025-07-26T03:33:56.357Z] [信息] [FileEventHandler] 文件修改: content/posts/life/昆明囧记.md
[2025-07-26T03:33:58.391Z] [信息] [FileEventHandler] 文件修改: content/posts/life/昆明囧记.md
[2025-07-26T03:34:00.428Z] [信息] [FileEventHandler] 文件修改: content/posts/life/昆明囧记.md
[2025-07-26T03:34:07.079Z] [信息] [FileEventHandler] 文件修改: content/posts/life/昆明囧记.md
[2025-07-26T03:34:09.803Z] [信息] [FileEventHandler] 文件修改: content/posts/life/昆明囧记.md
[2025-07-26T03:34:11.839Z] [信息] [FileEventHandler] 文件修改: content/posts/life/昆明囧记.md
[2025-07-26T03:34:13.892Z] [信息] [FileEventHandler] 文件修改: content/posts/life/昆明囧记.md
[2025-07-26T03:34:28.460Z] [信息] [FileEventHandler] 文件修改: content/posts/life/昆明囧记.md
[2025-07-26T03:34:31.012Z] [信息] [FileEventHandler] 文件修改: content/posts/life/昆明囧记.md
[2025-07-26T03:34:34.179Z] [信息] [FileEventHandler] 文件修改: content/posts/life/昆明囧记.md
[2025-07-26T03:34:52.755Z] [信息] [FileEventHandler] 文件修改: content/posts/life/昆明囧记.md
[2025-07-26T03:34:59.320Z] [信息] [FileEventHandler] 文件修改: content/posts/life/昆明囧记.md
[2025-07-26T03:35:01.354Z] [信息] [FileEventHandler] 文件修改: content/posts/life/昆明囧记.md
[2025-07-26T03:35:05.436Z] [信息] [FileEventHandler] 文件修改: content/posts/life/昆明囧记.md
[2025-07-26T03:35:07.574Z] [信息] [FileEventHandler] 文件修改: content/posts/life/昆明囧记.md
[2025-07-26T03:35:09.667Z] [信息] [FileEventHandler] 文件修改: content/posts/life/昆明囧记.md
[2025-07-26T03:35:12.306Z] [信息] [FileEventHandler] 文件修改: content/posts/life/昆明囧记.md
[2025-07-26T03:35:14.449Z] [信息] [FileEventHandler] 文件修改: content/posts/life/昆明囧记.md
[2025-07-26T03:35:18.927Z] [信息] [FileEventHandler] 文件修改: content/posts/life/昆明囧记.md
[2025-07-26T03:35:20.974Z] [信息] [FileEventHandler] 文件修改: content/posts/life/昆明囧记.md
[2025-07-26T03:35:23.851Z] [信息] [FileEventHandler] 文件修改: content/posts/life/昆明囧记.md
[2025-07-26T03:35:28.736Z] [信息] [FileEventHandler] 文件修改: content/posts/life/昆明囧记.md
[2025-07-26T03:35:32.851Z] [信息] [FileEventHandler] 文件修改: content/posts/life/昆明囧记.md
[2025-07-26T03:35:34.986Z] [信息] [FileEventHandler] 文件修改: content/posts/life/昆明囧记.md
[2025-07-26T03:35:37.673Z] [信息] [FileEventHandler] 文件修改: content/posts/life/昆明囧记.md
[2025-07-26T03:35:39.700Z] [信息] [FileEventHandler] 文件修改: content/posts/life/昆明囧记.md
[2025-07-26T03:35:42.806Z] [信息] [FileEventHandler] 文件修改: content/posts/life/昆明囧记.md
[2025-07-26T03:35:45.231Z] [信息] [FileEventHandler] 文件修改: content/posts/life/昆明囧记.md
[2025-07-26T03:35:49.307Z] [信息] [FileEventHandler] 文件修改: content/posts/life/昆明囧记.md
[2025-07-26T03:35:55.515Z] [信息] [FileEventHandler] 文件修改: content/posts/life/昆明囧记.md
[2025-07-26T03:35:58.787Z] [信息] [FileEventHandler] 文件修改: content/posts/life/昆明囧记.md
[2025-07-26T03:36:01.339Z] [信息] [FileEventHandler] 文件修改: content/posts/life/昆明囧记.md
[2025-07-26T03:36:08.052Z] [信息] [FileEventHandler] 文件修改: content/posts/life/昆明囧记.md
[2025-07-26T03:36:11.002Z] [信息] [FileEventHandler] 文件修改: content/posts/life/昆明囧记.md
[2025-07-26T03:36:13.222Z] [信息] [FileEventHandler] 文件修改: content/posts/life/昆明囧记.md
[2025-07-26T03:36:16.113Z] [信息] [FileEventHandler] 文件修改: content/posts/life/昆明囧记.md
[2025-07-26T03:36:18.248Z] [信息] [FileEventHandler] 文件修改: content/posts/life/昆明囧记.md
[2025-07-26T03:36:23.446Z] [信息] [FileEventHandler] 文件修改: content/posts/life/昆明囧记.md
[2025-07-26T03:36:27.192Z] [信息] [FileEventHandler] 文件修改: content/posts/life/昆明囧记.md
[2025-07-26T03:36:31.526Z] [信息] [FileEventHandler] 文件修改: content/posts/life/昆明囧记.md
[2025-07-26T03:36:33.599Z] [信息] [FileEventHandler] 文件修改: content/posts/life/昆明囧记.md
[2025-07-26T03:36:41.330Z] [信息] [FileEventHandler] 文件修改: content/posts/life/昆明囧记.md
[2025-07-26T03:36:43.633Z] [信息] [FileEventHandler] 文件修改: content/posts/life/昆明囧记.md
[2025-07-26T03:36:48.154Z] [信息] [FileEventHandler] 文件修改: content/posts/life/昆明囧记.md
[2025-07-26T03:36:50.522Z] [信息] [FileEventHandler] 文件修改: content/posts/life/昆明囧记.md
[2025-07-26T03:40:52.433Z] [信息] [FileEventHandler] 文件修改: content/posts/life/昆明囧记.md
[2025-07-26T03:40:54.573Z] [信息] [FileEventHandler] 文件修改: content/posts/life/昆明囧记.md
[2025-07-26T03:40:56.884Z] [信息] [FileEventHandler] 文件修改: content/posts/life/昆明囧记.md
[2025-07-26T03:40:58.935Z] [信息] [FileEventHandler] 文件修改: content/posts/life/昆明囧记.md
[2025-07-26T03:41:03.203Z] [信息] [FileEventHandler] 文件修改: content/posts/life/昆明囧记.md
[2025-07-26T03:41:05.237Z] [信息] [FileEventHandler] 文件修改: content/posts/life/昆明囧记.md
[2025-07-26T03:41:08.091Z] [信息] [FileEventHandler] 文件修改: content/posts/life/昆明囧记.md
[2025-07-26T03:41:10.284Z] [信息] [FileEventHandler] 文件修改: content/posts/life/昆明囧记.md
[2025-07-26T03:41:12.372Z] [信息] [FileEventHandler] 文件修改: content/posts/life/昆明囧记.md
[2025-07-26T03:41:14.662Z] [信息] [FileEventHandler] 文件修改: content/posts/life/昆明囧记.md
[2025-07-26T03:41:17.919Z] [信息] [FileEventHandler] 文件修改: content/posts/life/昆明囧记.md
[2025-07-26T03:41:20.615Z] [信息] [FileEventHandler] 文件修改: content/posts/life/昆明囧记.md
[2025-07-26T03:41:22.640Z] [信息] [FileEventHandler] 文件修改: content/posts/life/昆明囧记.md
[2025-07-26T03:41:24.728Z] [信息] [FileEventHandler] 文件修改: content/posts/life/昆明囧记.md
[2025-07-26T03:41:26.806Z] [信息] [FileEventHandler] 文件修改: content/posts/life/昆明囧记.md
[2025-07-26T03:41:31.477Z] [信息] [FileEventHandler] 文件修改: content/posts/life/昆明囧记.md
[2025-07-26T03:41:34.482Z] [信息] [FileEventHandler] 文件修改: content/posts/life/昆明囧记.md
[2025-07-26T03:41:36.564Z] [信息] [FileEventHandler] 文件修改: content/posts/life/昆明囧记.md
[2025-07-26T03:41:38.602Z] [信息] [FileEventHandler] 文件修改: content/posts/life/昆明囧记.md
[2025-07-26T03:41:40.721Z] [信息] [FileEventHandler] 文件修改: content/posts/life/昆明囧记.md
[2025-07-26T03:41:42.759Z] [信息] [FileEventHandler] 文件修改: content/posts/life/昆明囧记.md
[2025-07-26T03:41:44.884Z] [信息] [FileEventHandler] 文件修改: content/posts/life/昆明囧记.md
[2025-07-26T03:41:47.199Z] [信息] [FileEventHandler] 文件修改: content/posts/life/昆明囧记.md
[2025-07-26T03:41:52.076Z] [信息] [FileEventHandler] 文件修改: content/posts/life/昆明囧记.md
[2025-07-26T03:41:54.484Z] [信息] [FileEventHandler] 文件修改: content/posts/life/昆明囧记.md
[2025-07-26T03:41:59.581Z] [信息] [FileEventHandler] 文件修改: content/posts/life/昆明囧记.md
[2025-07-26T03:42:01.606Z] [信息] [FileEventHandler] 文件修改: content/posts/life/昆明囧记.md
[2025-07-26T03:42:20.173Z] [信息] [FileEventHandler] 文件修改: content/posts/life/昆明囧记.md
[2025-07-26T03:42:33.087Z] [信息] [FileEventHandler] 文件修改: content/posts/life/昆明囧记.md
[2025-07-26T03:42:35.467Z] [信息] [FileEventHandler] 文件修改: content/posts/life/昆明囧记.md
[2025-07-26T03:42:50.151Z] [信息] [FileEventHandler] 文件修改: content/posts/life/昆明囧记.md
[2025-07-26T03:42:53.240Z] [信息] [FileEventHandler] 文件修改: content/posts/life/昆明囧记.md
[2025-07-26T03:42:55.575Z] [信息] [FileEventHandler] 文件修改: content/posts/life/昆明囧记.md
[2025-07-26T03:42:57.982Z] [信息] [FileEventHandler] 文件修改: content/posts/life/昆明囧记.md
[2025-07-26T03:43:00.643Z] [信息] [FileEventHandler] 文件修改: content/posts/life/昆明囧记.md
[2025-07-26T03:43:02.706Z] [信息] [FileEventHandler] 文件修改: content/posts/life/昆明囧记.md
[2025-07-26T03:43:06.365Z] [信息] [FileEventHandler] 文件修改: content/posts/life/昆明囧记.md
[2025-07-26T03:43:08.530Z] [信息] [FileEventHandler] 文件修改: content/posts/life/昆明囧记.md
[2025-07-26T03:43:11.381Z] [信息] [FileEventHandler] 文件修改: content/posts/life/昆明囧记.md
[2025-07-26T03:43:13.449Z] [信息] [FileEventHandler] 文件修改: content/posts/life/昆明囧记.md
[2025-07-26T03:43:28.086Z] [信息] [FileEventHandler] 文件修改: content/posts/life/昆明囧记.md
[2025-07-26T03:43:30.125Z] [信息] [FileEventHandler] 文件修改: content/posts/life/昆明囧记.md
[2025-07-26T03:43:32.228Z] [信息] [FileEventHandler] 文件修改: content/posts/life/昆明囧记.md
[2025-07-26T03:43:44.750Z] [信息] [FileEventHandler] 文件修改: content/posts/life/昆明囧记.md
[2025-07-26T03:43:46.794Z] [信息] [FileEventHandler] 文件修改: content/posts/life/昆明囧记.md
[2025-07-26T03:43:50.092Z] [信息] [FileEventHandler] 文件修改: content/posts/life/昆明囧记.md
[2025-07-26T03:44:01.516Z] [信息] [FileEventHandler] 文件修改: content/posts/life/昆明囧记.md
[2025-07-26T03:44:18.509Z] [信息] [FileEventHandler] 文件修改: content/posts/life/昆明囧记.md
[2025-07-26T03:44:20.687Z] [信息] [FileEventHandler] 文件修改: content/posts/life/昆明囧记.md
[2025-07-26T03:44:25.390Z] [信息] [FileEventHandler] 文件修改: content/posts/life/昆明囧记.md
[2025-07-26T03:44:29.075Z] [信息] [FileEventHandler] 文件修改: content/posts/life/昆明囧记.md
[2025-07-26T03:44:31.400Z] [信息] [FileEventHandler] 文件修改: content/posts/life/昆明囧记.md
[2025-07-26T03:44:33.963Z] [信息] [FileEventHandler] 文件修改: content/posts/life/昆明囧记.md
[2025-07-26T03:44:36.004Z] [信息] [FileEventHandler] 文件修改: content/posts/life/昆明囧记.md
[2025-07-26T03:44:38.461Z] [信息] [FileEventHandler] 文件修改: content/posts/life/昆明囧记.md
[2025-07-26T03:44:41.267Z] [信息] [FileEventHandler] 文件修改: content/posts/life/昆明囧记.md
[2025-07-26T03:44:43.570Z] [信息] [FileEventHandler] 文件修改: content/posts/life/昆明囧记.md
[2025-07-26T03:44:49.886Z] [信息] [FileEventHandler] 文件修改: content/posts/life/昆明囧记.md
[2025-07-26T03:44:52.178Z] [信息] [FileEventHandler] 文件修改: content/posts/life/昆明囧记.md
[2025-07-26T03:44:54.271Z] [信息] [FileEventHandler] 文件修改: content/posts/life/昆明囧记.md
[2025-07-26T03:45:00.215Z] [信息] [FileEventHandler] 文件修改: content/posts/life/昆明囧记.md
[2025-07-26T03:45:02.322Z] [信息] [FileEventHandler] 文件修改: content/posts/life/昆明囧记.md
[2025-07-26T03:45:06.172Z] [信息] [FileEventHandler] 文件修改: content/posts/life/昆明囧记.md
[2025-07-26T03:45:08.848Z] [信息] [FileEventHandler] 文件修改: content/posts/life/昆明囧记.md
[2025-07-26T03:45:10.945Z] [信息] [FileEventHandler] 文件修改: content/posts/life/昆明囧记.md
[2025-07-26T03:45:14.960Z] [信息] [FileEventHandler] 文件修改: content/posts/life/昆明囧记.md
[2025-07-26T03:45:16.987Z] [信息] [FileEventHandler] 文件修改: content/posts/life/昆明囧记.md
[2025-07-26T03:45:25.966Z] [信息] [FileEventHandler] 文件修改: content/posts/life/昆明囧记.md
[2025-07-26T03:45:29.143Z] [信息] [FileEventHandler] 文件修改: content/posts/life/昆明囧记.md
[2025-07-26T03:45:34.334Z] [信息] [FileEventHandler] 文件修改: content/posts/life/昆明囧记.md
[2025-07-26T03:45:39.387Z] [信息] [FileEventHandler] 文件修改: content/posts/life/昆明囧记.md
[2025-07-26T03:45:41.524Z] [信息] [FileEventHandler] 文件修改: content/posts/life/昆明囧记.md
[2025-07-26T03:46:02.705Z] [信息] [FileEventHandler] 文件修改: content/posts/life/昆明囧记.md
[2025-07-26T03:46:04.893Z] [信息] [FileEventHandler] 文件修改: content/posts/life/昆明囧记.md
[2025-07-26T03:46:07.084Z] [信息] [FileEventHandler] 文件修改: content/posts/life/昆明囧记.md
[2025-07-26T03:46:09.309Z] [信息] [FileEventHandler] 文件修改: content/posts/life/昆明囧记.md
[2025-07-26T03:46:13.212Z] [信息] [FileEventHandler] 文件修改: content/posts/life/昆明囧记.md
[2025-07-26T03:46:20.945Z] [信息] [FileEventHandler] 文件修改: content/posts/life/昆明囧记.md
[2025-07-26T03:46:23.207Z] [信息] [FileEventHandler] 文件修改: content/posts/life/昆明囧记.md
[2025-07-26T03:46:32.153Z] [信息] [FileEventHandler] 文件修改: content/posts/life/昆明囧记.md
[2025-07-26T03:46:34.182Z] [信息] [FileEventHandler] 文件修改: content/posts/life/昆明囧记.md
[2025-07-26T03:46:36.600Z] [信息] [FileEventHandler] 文件修改: content/posts/life/昆明囧记.md
[2025-07-26T03:46:42.745Z] [信息] [FileEventHandler] 文件修改: content/posts/life/昆明囧记.md
[2025-07-26T03:46:46.716Z] [信息] [FileEventHandler] 文件修改: content/posts/life/昆明囧记.md
[2025-07-26T03:46:48.824Z] [信息] [FileEventHandler] 文件修改: content/posts/life/昆明囧记.md
[2025-07-26T03:46:52.581Z] [信息] [FileEventHandler] 文件修改: content/posts/life/昆明囧记.md
[2025-07-26T03:46:57.676Z] [信息] [FileEventHandler] 文件修改: content/posts/life/昆明囧记.md
[2025-07-26T03:47:00.017Z] [信息] [FileEventHandler] 文件修改: content/posts/life/昆明囧记.md
[2025-07-26T03:47:04.012Z] [信息] [FileEventHandler] 文件修改: content/posts/life/昆明囧记.md
[2025-07-26T03:47:06.124Z] [信息] [FileEventHandler] 文件修改: content/posts/life/昆明囧记.md
[2025-07-26T03:47:11.102Z] [信息] [FileEventHandler] 文件修改: content/posts/life/昆明囧记.md
[2025-07-26T03:47:13.153Z] [信息] [FileEventHandler] 文件修改: content/posts/life/昆明囧记.md
[2025-07-26T03:47:15.243Z] [信息] [FileEventHandler] 文件修改: content/posts/life/昆明囧记.md
[2025-07-26T03:47:18.859Z] [信息] [FileEventHandler] 文件修改: content/posts/life/昆明囧记.md
[2025-07-26T03:47:21.821Z] [信息] [FileEventHandler] 文件修改: content/posts/life/昆明囧记.md
[2025-07-26T03:47:23.944Z] [信息] [FileEventHandler] 文件修改: content/posts/life/昆明囧记.md
[2025-07-26T03:47:26.200Z] [信息] [FileEventHandler] 文件修改: content/posts/life/昆明囧记.md
[2025-07-26T03:47:28.302Z] [信息] [FileEventHandler] 文件修改: content/posts/life/昆明囧记.md
[2025-07-26T03:47:30.317Z] [信息] [FileEventHandler] 文件修改: content/posts/life/昆明囧记.md
[2025-07-26T03:47:44.059Z] [信息] [FileEventHandler] 文件修改: content/posts/life/昆明囧记.md
[2025-07-26T03:47:54.932Z] [信息] [FileEventHandler] 文件修改: content/posts/life/昆明囧记.md
[2025-07-26T03:47:56.998Z] [信息] [FileEventHandler] 文件修改: content/posts/life/昆明囧记.md
[2025-07-26T03:48:00.109Z] [信息] [FileEventHandler] 文件修改: content/posts/life/昆明囧记.md
[2025-07-26T03:48:04.562Z] [信息] [FileEventHandler] 文件修改: content/posts/life/昆明囧记.md
[2025-07-26T03:48:07.588Z] [信息] [FileEventHandler] 文件修改: content/posts/life/昆明囧记.md
[2025-07-26T03:48:10.328Z] [信息] [FileEventHandler] 文件修改: content/posts/life/昆明囧记.md
[2025-07-26T03:48:17.277Z] [信息] [FileEventHandler] 文件修改: content/posts/life/昆明囧记.md
[2025-07-26T03:48:20.524Z] [信息] [FileEventHandler] 文件修改: content/posts/life/昆明囧记.md
[2025-07-26T03:48:22.767Z] [信息] [FileEventHandler] 文件修改: content/posts/life/昆明囧记.md
[2025-07-26T03:48:24.820Z] [信息] [FileEventHandler] 文件修改: content/posts/life/昆明囧记.md
[2025-07-26T03:48:26.937Z] [信息] [FileEventHandler] 文件修改: content/posts/life/昆明囧记.md
[2025-07-26T03:48:30.298Z] [信息] [FileEventHandler] 文件修改: content/posts/life/昆明囧记.md
[2025-07-26T03:48:32.538Z] [信息] [FileEventHandler] 文件修改: content/posts/life/昆明囧记.md
[2025-07-26T03:48:35.030Z] [信息] [FileEventHandler] 文件修改: content/posts/life/昆明囧记.md
[2025-07-26T03:48:48.051Z] [信息] [FileEventHandler] 文件修改: content/posts/life/昆明囧记.md
[2025-07-26T03:48:51.660Z] [信息] [FileEventHandler] 文件修改: content/posts/life/昆明囧记.md
[2025-07-26T03:48:53.845Z] [信息] [FileEventHandler] 文件修改: content/posts/life/昆明囧记.md
[2025-07-26T03:48:55.974Z] [信息] [FileEventHandler] 文件修改: content/posts/life/昆明囧记.md
[2025-07-26T03:48:58.072Z] [信息] [FileEventHandler] 文件修改: content/posts/life/昆明囧记.md
[2025-07-26T03:49:00.447Z] [信息] [FileEventHandler] 文件修改: content/posts/life/昆明囧记.md
[2025-07-26T03:49:02.488Z] [信息] [FileEventHandler] 文件修改: content/posts/life/昆明囧记.md
[2025-07-26T03:49:04.697Z] [信息] [FileEventHandler] 文件修改: content/posts/life/昆明囧记.md
[2025-07-26T03:49:09.288Z] [信息] [FileEventHandler] 文件修改: content/posts/life/昆明囧记.md
[2025-07-26T03:49:12.528Z] [信息] [FileEventHandler] 文件修改: content/posts/life/昆明囧记.md
[2025-07-26T03:49:15.252Z] [信息] [FileEventHandler] 文件修改: content/posts/life/昆明囧记.md
[2025-07-26T03:49:17.263Z] [信息] [FileEventHandler] 文件修改: content/posts/life/昆明囧记.md
[2025-07-26T03:49:19.347Z] [信息] [FileEventHandler] 文件修改: content/posts/life/昆明囧记.md
[2025-07-26T03:49:21.624Z] [信息] [FileEventHandler] 文件修改: content/posts/life/昆明囧记.md
[2025-07-26T03:49:23.698Z] [信息] [FileEventHandler] 文件修改: content/posts/life/昆明囧记.md
[2025-07-26T03:49:34.101Z] [信息] [FileEventHandler] 文件修改: content/posts/life/昆明囧记.md
[2025-07-26T03:49:44.123Z] [信息] [FileEventHandler] 文件修改: content/posts/life/昆明囧记.md
[2025-07-26T03:49:47.733Z] [信息] [FileEventHandler] 文件修改: content/posts/life/昆明囧记.md
[2025-07-26T03:49:52.096Z] [信息] [FileEventHandler] 文件修改: content/posts/life/昆明囧记.md
[2025-07-26T03:49:55.375Z] [信息] [FileEventHandler] 文件修改: content/posts/life/昆明囧记.md
[2025-07-26T03:49:57.714Z] [信息] [FileEventHandler] 文件修改: content/posts/life/昆明囧记.md
[2025-07-26T03:49:59.803Z] [信息] [FileEventHandler] 文件修改: content/posts/life/昆明囧记.md
[2025-07-26T03:50:02.118Z] [信息] [FileEventHandler] 文件修改: content/posts/life/昆明囧记.md
[2025-07-26T03:50:15.553Z] [信息] [FileEventHandler] 文件修改: content/posts/life/昆明囧记.md
[2025-07-26T03:50:17.586Z] [信息] [FileEventHandler] 文件修改: content/posts/life/昆明囧记.md
[2025-07-26T03:50:19.673Z] [信息] [FileEventHandler] 文件修改: content/posts/life/昆明囧记.md
[2025-07-26T03:50:21.801Z] [信息] [FileEventHandler] 文件修改: content/posts/life/昆明囧记.md
[2025-07-26T03:50:23.862Z] [信息] [FileEventHandler] 文件修改: content/posts/life/昆明囧记.md
[2025-07-26T03:50:25.927Z] [信息] [FileEventHandler] 文件修改: content/posts/life/昆明囧记.md
[2025-07-26T03:50:32.401Z] [信息] [FileEventHandler] 文件修改: content/posts/life/昆明囧记.md
[2025-07-26T03:50:34.691Z] [信息] [FileEventHandler] 文件修改: content/posts/life/昆明囧记.md
[2025-07-26T03:50:37.977Z] [信息] [FileEventHandler] 文件修改: content/posts/life/昆明囧记.md
[2025-07-26T03:50:40.344Z] [信息] [FileEventHandler] 文件修改: content/posts/life/昆明囧记.md
[2025-07-26T03:50:45.969Z] [信息] [FileEventHandler] 文件修改: content/posts/life/昆明囧记.md
[2025-07-26T03:50:50.688Z] [信息] [FileEventHandler] 文件修改: content/posts/life/昆明囧记.md
[2025-07-26T03:50:52.758Z] [信息] [FileEventHandler] 文件修改: content/posts/life/昆明囧记.md
[2025-07-26T03:50:58.422Z] [信息] [FileEventHandler] 文件修改: content/posts/life/昆明囧记.md
[2025-07-26T03:51:00.657Z] [信息] [FileEventHandler] 文件修改: content/posts/life/昆明囧记.md
[2025-07-26T03:51:02.817Z] [信息] [FileEventHandler] 文件修改: content/posts/life/昆明囧记.md
[2025-07-26T03:51:04.920Z] [信息] [FileEventHandler] 文件修改: content/posts/life/昆明囧记.md
[2025-07-26T03:51:15.345Z] [信息] [FileEventHandler] 文件修改: content/posts/life/昆明囧记.md
[2025-07-26T03:51:19.080Z] [信息] [FileEventHandler] 文件修改: content/posts/life/昆明囧记.md
[2025-07-26T03:51:22.310Z] [信息] [FileEventHandler] 文件修改: content/posts/life/昆明囧记.md
[2025-07-26T03:51:32.370Z] [信息] [FileEventHandler] 文件修改: content/posts/life/昆明囧记.md
[2025-07-26T03:51:34.459Z] [信息] [FileEventHandler] 文件修改: content/posts/life/昆明囧记.md
[2025-07-26T03:51:36.862Z] [信息] [FileEventHandler] 文件修改: content/posts/life/昆明囧记.md
[2025-07-26T03:51:40.653Z] [信息] [FileEventHandler] 文件修改: content/posts/life/昆明囧记.md
[2025-07-26T03:51:43.519Z] [信息] [FileEventHandler] 文件修改: content/posts/life/昆明囧记.md
[2025-07-26T03:51:48.527Z] [信息] [FileEventHandler] 文件修改: content/posts/life/昆明囧记.md
[2025-07-26T03:52:09.352Z] [信息] 设置已加载
[2025-07-26T05:32:20.955Z] [信息] 设置已加载
